// Vitest Snapshot v1, https://vitest.dev/guide/snapshot.html

exports[`Canvas Bridge: worker -> client -> renderer, headless, 100 generations of a Gosper gun > produces a stable, reviewable draw-call summary 1`] = `
{
  "callCountsByMethod": {
    "createImageData": 0,
    "fillRect": 3814,
    "fillStyle": 460,
    "putImageData": 0,
  },
  "digest": "ba8a8d0fd5237c9d",
  "firstCalls": [
    {
      "args": [
        "#000000",
      ],
      "method": "fillStyle",
    },
    {
      "args": [
        128,
        0,
        128,
        128,
      ],
      "method": "fillRect",
    },
    {
      "args": [
        "#ffffff",
      ],
      "method": "fillStyle",
    },
    {
      "args": [
        136,
        40,
        4,
        4,
      ],
      "method": "fillRect",
    },
    {
      "args": [
        128,
        44,
        4,
        4,
      ],
      "method": "fillRect",
    },
    {
      "args": [
        136,
        44,
        4,
        4,
      ],
      "method": "fillRect",
    },
    {
      "args": [
        176,
        48,
        8,
        4,
      ],
      "method": "fillRect",
    },
    {
      "args": [
        176,
        52,
        8,
        4,
      ],
      "method": "fillRect",
    },
    {
      "args": [
        128,
        60,
        4,
        4,
      ],
      "method": "fillRect",
    },
    {
      "args": [
        136,
        60,
        4,
        4,
      ],
      "method": "fillRect",
    },
    {
      "args": [
        136,
        64,
        4,
        4,
      ],
      "method": "fillRect",
    },
    {
      "args": [
        "#000000",
      ],
      "method": "fillStyle",
    },
  ],
  "paintedCellsByGeneration": {
    "0": [
      [
        34,
        10,
      ],
      [
        32,
        11,
      ],
      [
        34,
        11,
      ],
      [
        22,
        12,
      ],
      [
        23,
        12,
      ],
      [
        30,
        12,
      ],
      [
        31,
        12,
      ],
      [
        44,
        12,
      ],
      [
        45,
        12,
      ],
      [
        21,
        13,
      ],
      [
        25,
        13,
      ],
      [
        30,
        13,
      ],
      [
        31,
        13,
      ],
      [
        44,
        13,
      ],
      [
        45,
        13,
      ],
      [
        10,
        14,
      ],
      [
        11,
        14,
      ],
      [
        20,
        14,
      ],
      [
        26,
        14,
      ],
      [
        30,
        14,
      ],
      [
        31,
        14,
      ],
      [
        10,
        15,
      ],
      [
        11,
        15,
      ],
      [
        20,
        15,
      ],
      [
        24,
        15,
      ],
      [
        26,
        15,
      ],
      [
        27,
        15,
      ],
      [
        32,
        15,
      ],
      [
        34,
        15,
      ],
      [
        20,
        16,
      ],
      [
        26,
        16,
      ],
      [
        34,
        16,
      ],
      [
        21,
        17,
      ],
      [
        25,
        17,
      ],
      [
        22,
        18,
      ],
      [
        23,
        18,
      ],
    ],
    "1": [
      [
        33,
        10,
      ],
      [
        31,
        11,
      ],
      [
        33,
        11,
      ],
      [
        22,
        12,
      ],
      [
        30,
        12,
      ],
      [
        32,
        12,
      ],
      [
        44,
        12,
      ],
      [
        45,
        12,
      ],
      [
        21,
        13,
      ],
      [
        22,
        13,
      ],
      [
        29,
        13,
      ],
      [
        32,
        13,
      ],
      [
        44,
        13,
      ],
      [
        45,
        13,
      ],
      [
        10,
        14,
      ],
      [
        11,
        14,
      ],
      [
        20,
        14,
      ],
      [
        21,
        14,
      ],
      [
        26,
        14,
      ],
      [
        27,
        14,
      ],
      [
        30,
        14,
      ],
      [
        32,
        14,
      ],
      [
        10,
        15,
      ],
      [
        11,
        15,
      ],
      [
        19,
        15,
      ],
      [
        20,
        15,
      ],
      [
        21,
        15,
      ],
      [
        26,
        15,
      ],
      [
        27,
        15,
      ],
      [
        31,
        15,
      ],
      [
        33,
        15,
      ],
      [
        20,
        16,
      ],
      [
        21,
        16,
      ],
      [
        26,
        16,
      ],
      [
        27,
        16,
      ],
      [
        33,
        16,
      ],
      [
        21,
        17,
      ],
      [
        22,
        17,
      ],
      [
        22,
        18,
      ],
    ],
    "100": [
      [
        33,
        10,
      ],
      [
        34,
        10,
      ],
      [
        33,
        11,
      ],
      [
        34,
        11,
      ],
      [
        20,
        12,
      ],
      [
        25,
        12,
      ],
      [
        36,
        12,
      ],
      [
        37,
        12,
      ],
      [
        44,
        12,
      ],
      [
        45,
        12,
      ],
      [
        18,
        13,
      ],
      [
        20,
        13,
      ],
      [
        25,
        13,
      ],
      [
        36,
        13,
      ],
      [
        37,
        13,
      ],
      [
        38,
        13,
      ],
      [
        44,
        13,
      ],
      [
        45,
        13,
      ],
      [
        10,
        14,
      ],
      [
        11,
        14,
      ],
      [
        16,
        14,
      ],
      [
        17,
        14,
      ],
      [
        25,
        14,
      ],
      [
        36,
        14,
      ],
      [
        37,
        14,
      ],
      [
        10,
        15,
      ],
      [
        11,
        15,
      ],
      [
        16,
        15,
      ],
      [
        17,
        15,
      ],
      [
        29,
        15,
      ],
      [
        30,
        15,
      ],
      [
        33,
        15,
      ],
      [
        34,
        15,
      ],
      [
        16,
        16,
      ],
      [
        17,
        16,
      ],
      [
        26,
        16,
      ],
      [
        27,
        16,
      ],
      [
        30,
        16,
      ],
      [
        33,
        16,
      ],
      [
        34,
        16,
      ],
      [
        18,
        17,
      ],
      [
        20,
        17,
      ],
      [
        26,
        17,
      ],
      [
        27,
        17,
      ],
      [
        28,
        17,
      ],
      [
        29,
        17,
      ],
      [
        20,
        18,
      ],
      [
        28,
        18,
      ],
      [
        35,
        22,
      ],
      [
        37,
        22,
      ],
      [
        36,
        23,
      ],
      [
        37,
        23,
      ],
      [
        36,
        24,
      ],
      [
        43,
        29,
      ],
      [
        44,
        30,
      ],
      [
        45,
        30,
      ],
      [
        43,
        31,
      ],
      [
        44,
        31,
      ],
      [
        50,
        37,
      ],
      [
        52,
        37,
      ],
      [
        51,
        38,
      ],
      [
        52,
        38,
      ],
      [
        51,
        39,
      ],
    ],
    "4": [
      [
        32,
        10,
      ],
      [
        30,
        11,
      ],
      [
        31,
        11,
      ],
      [
        32,
        11,
      ],
      [
        33,
        11,
      ],
      [
        21,
        12,
      ],
      [
        22,
        12,
      ],
      [
        28,
        12,
      ],
      [
        29,
        12,
      ],
      [
        30,
        12,
      ],
      [
        31,
        12,
      ],
      [
        33,
        12,
      ],
      [
        34,
        12,
      ],
      [
        44,
        12,
      ],
      [
        45,
        12,
      ],
      [
        19,
        13,
      ],
      [
        22,
        13,
      ],
      [
        26,
        13,
      ],
      [
        30,
        13,
      ],
      [
        31,
        13,
      ],
      [
        33,
        13,
      ],
      [
        34,
        13,
      ],
      [
        35,
        13,
      ],
      [
        44,
        13,
      ],
      [
        45,
        13,
      ],
      [
        10,
        14,
      ],
      [
        11,
        14,
      ],
      [
        18,
        14,
      ],
      [
        26,
        14,
      ],
      [
        30,
        14,
      ],
      [
        31,
        14,
      ],
      [
        33,
        14,
      ],
      [
        34,
        14,
      ],
      [
        10,
        15,
      ],
      [
        11,
        15,
      ],
      [
        18,
        15,
      ],
      [
        25,
        15,
      ],
      [
        29,
        15,
      ],
      [
        30,
        15,
      ],
      [
        31,
        15,
      ],
      [
        32,
        15,
      ],
      [
        33,
        15,
      ],
      [
        18,
        16,
      ],
      [
        26,
        16,
      ],
      [
        27,
        16,
      ],
      [
        28,
        16,
      ],
      [
        32,
        16,
      ],
      [
        19,
        17,
      ],
      [
        22,
        17,
      ],
      [
        21,
        18,
      ],
      [
        22,
        18,
      ],
    ],
  },
  "totalCalls": 4274,
}
`;
